 ⚠ "next start" does not work with "output: standalone" configuration. Use "node .next/standalone/server.js" instead.
 ⨯ Error: Cannot find module './chunks/vendor-chunks/next.js'
Require stack:
- C:\Users\Sourabh\major_pro\.next\server\webpack-runtime.js
- C:\Users\Sourabh\major_pro\.next\server\pages\_document.js
- C:\Users\Sourabh\major_pro\node_modules\next\dist\server\require.js
- C:\Users\Sourabh\major_pro\node_modules\next\dist\server\load-components.js
- C:\Users\Sourabh\major_pro\node_modules\next\dist\build\utils.js
- C:\Users\Sourabh\major_pro\node_modules\next\dist\build\swc\options.js
- C:\Users\Sourabh\major_pro\node_modules\next\dist\build\swc\index.js
- C:\Users\Sourabh\major_pro\node_modules\next\dist\build\next-config-ts\transpile-config.js
- C:\Users\Sourabh\major_pro\node_modules\next\dist\server\config.js
- C:\Users\Sourabh\major_pro\node_modules\next\dist\cli\next-test.js
- C:\Users\Sourabh\major_pro\node_modules\next\dist\bin\next
    at c.f.require (C:\Users\Sourabh\major_pro\.next\server\webpack-runtime.js:1:1430)
    at <unknown> (C:\Users\Sourabh\major_pro\.next\server\webpack-runtime.js:1:889)
    at Array.reduce (<anonymous>)
    at c.e (C:\Users\Sourabh\major_pro\.next\server\webpack-runtime.js:1:868)
    at Array.map (<anonymous>)
    at c.X (C:\Users\Sourabh\major_pro\.next\server\webpack-runtime.js:1:1189) {
  code: 'MODULE_NOT_FOUND',
  requireStack: [Array]
}
 ⨯ Error: Cannot find module './chunks/vendor-chunks/next.js'
Require stack:
- C:\Users\Sourabh\major_pro\.next\server\webpack-runtime.js
- C:\Users\Sourabh\major_pro\.next\server\pages\_document.js
- C:\Users\Sourabh\major_pro\node_modules\next\dist\server\require.js
- C:\Users\Sourabh\major_pro\node_modules\next\dist\server\load-components.js
- C:\Users\Sourabh\major_pro\node_modules\next\dist\build\utils.js
- C:\Users\Sourabh\major_pro\node_modules\next\dist\build\swc\options.js
- C:\Users\Sourabh\major_pro\node_modules\next\dist\build\swc\index.js
- C:\Users\Sourabh\major_pro\node_modules\next\dist\build\next-config-ts\transpile-config.js
- C:\Users\Sourabh\major_pro\node_modules\next\dist\server\config.js
- C:\Users\Sourabh\major_pro\node_modules\next\dist\cli\next-test.js
- C:\Users\Sourabh\major_pro\node_modules\next\dist\bin\next
    at c.f.require (C:\Users\Sourabh\major_pro\.next\server\webpack-runtime.js:1:1430)
    at <unknown> (C:\Users\Sourabh\major_pro\.next\server\webpack-runtime.js:1:889)
    at Array.reduce (<anonymous>)
    at c.e (C:\Users\Sourabh\major_pro\.next\server\webpack-runtime.js:1:868)
    at Array.map (<anonymous>)
    at c.X (C:\Users\Sourabh\major_pro\.next\server\webpack-runtime.js:1:1189) {
  code: 'MODULE_NOT_FOUND',
  requireStack: [Array]
}
 ⨯ Error: Cannot find module './chunks/vendor-chunks/next.js'
Require stack:
- C:\Users\Sourabh\major_pro\.next\server\webpack-runtime.js
- C:\Users\Sourabh\major_pro\.next\server\pages\_document.js
- C:\Users\Sourabh\major_pro\node_modules\next\dist\server\require.js
- C:\Users\Sourabh\major_pro\node_modules\next\dist\server\load-components.js
- C:\Users\Sourabh\major_pro\node_modules\next\dist\build\utils.js
- C:\Users\Sourabh\major_pro\node_modules\next\dist\build\swc\options.js
- C:\Users\Sourabh\major_pro\node_modules\next\dist\build\swc\index.js
- C:\Users\Sourabh\major_pro\node_modules\next\dist\build\next-config-ts\transpile-config.js
- C:\Users\Sourabh\major_pro\node_modules\next\dist\server\config.js
- C:\Users\Sourabh\major_pro\node_modules\next\dist\cli\next-test.js
- C:\Users\Sourabh\major_pro\node_modules\next\dist\bin\next
    at c.f.require (C:\Users\Sourabh\major_pro\.next\server\webpack-runtime.js:1:1430)
    at <unknown> (C:\Users\Sourabh\major_pro\.next\server\webpack-runtime.js:1:889)
    at Array.reduce (<anonymous>)
    at c.e (C:\Users\Sourabh\major_pro\.next\server\webpack-runtime.js:1:868)
    at Array.map (<anonymous>)
    at c.X (C:\Users\Sourabh\major_pro\.next\server\webpack-runtime.js:1:1189) {
  code: 'MODULE_NOT_FOUND',
  requireStack: [Array]
}
